   1: "dag = asp
Asp scanner error on line 1: String literal not terminated!
